Getting next 250 coins on page 0 of 20.
Getting next 250 coins on page 1 of 20.
Getting next 250 coins on page 2 of 20.
Getting next 250 coins on page 3 of 20.
Getting next 250 coins on page 4 of 20.
Getting next 250 coins on page 5 of 20.
Getting next 250 coins on page 6 of 20.
Getting next 250 coins on page 7 of 20.
Getting next 250 coins on page 8 of 20.
Getting next 250 coins on page 9 of 20.
Getting next 250 coins on page 10 of 20.
Getting next 250 coins on page 0 of 20.
Getting next 250 coins on page 1 of 20.
Getting next 250 coins on page 2 of 20.
Getting next 250 coins on page 3 of 20.
Getting next 250 coins on page 4 of 20.
Getting next 250 coins on page 5 of 20.
Getting next 250 coins on page 6 of 20.
Getting next 250 coins on page 7 of 20.
Getting next 250 coins on page 8 of 20.
Getting next 250 coins on page 9 of 20.
Getting next 250 coins on page 10 of 20.
Getting next 250 coins on page 11 of 20.
Getting next 250 coins on page 12 of 20.
Getting next 250 coins on page 13 of 20.
Getting next 250 coins on page 14 of 20.
Getting next 250 coins on page 15 of 20.
Getting next 250 coins on page 16 of 20.
Getting next 250 coins on page 17 of 20.
